<?xml version="1.0"?>
<testsuites>
  <testsuite name="Firefox 22.0.0 (Windows 7)" package="undefined" timestamp="2013-08-07T11:06:49" id="0" hostname="Bhoomi" tests="0" errors="1" failures="0" time="0">
    <properties>
      <property name="browser.fullName" value="Mozilla/5.0 (Windows NT 6.1; rv:22.0) Gecko/20100101 Firefox/22.0"/>
    </properties>
    <system-out><![CDATA[Firefox 22.0.0 (Windows 7) ERROR
	ReferenceError: require is not defined
	at D:/BizOS/AngularSample_bhoomi/app/scripts/appBootstrap.js:1
,Firefox 22.0.0 (Windows 7) ERROR
	ReferenceError: define is not defined
	at D:/BizOS/AngularSample_bhoomi/app/scripts/appModule.js:1
,Firefox 22.0.0 (Windows 7) ERROR
	ReferenceError: define is not defined
	at D:/BizOS/AngularSample_bhoomi/app/scripts/appRoutes.js:1
,Firefox 22.0.0 (Windows 7) ERROR
	ReferenceError: define is not defined
	at D:/BizOS/AngularSample_bhoomi/app/scripts/controllers/salesController.js:3
,Firefox 22.0.0 (Windows 7) ERROR
	ReferenceError: define is not defined
	at D:/BizOS/AngularSample_bhoomi/app/scripts/controllers/salesListController.js:1
,Firefox 22.0.0 (Windows 7) ERROR
	ReferenceError: define is not defined
	at D:/BizOS/AngularSample_bhoomi/app/scripts/directives/appDirective.js:4
,Firefox 22.0.0 (Windows 7) ERROR
	Error: No module: AngularSampleBhoomiApp
	at D:/BizOS/AngularSample_bhoomi/app/bower_components/angular/angular.js:1124
,Firefox 22.0.0 (Windows 7) ERROR
	ReferenceError: define is not defined
	at D:/BizOS/AngularSample_bhoomi/app/scripts/services/dependencyResolverFor.js:1
,Firefox 22.0.0 (Windows 7) ERROR
	ReferenceError: define is not defined
	at D:/BizOS/AngularSample_bhoomi/app/scripts/services/salesService.js:1
,Firefox 22.0.0 (Windows 7) ERROR
	ReferenceError: require is not defined
	at D:/BizOS/AngularSample_bhoomi/app/scripts/appBootstrap.js:1
,Firefox 22.0.0 (Windows 7) ERROR
	ReferenceError: define is not defined
	at D:/BizOS/AngularSample_bhoomi/app/scripts/appModule.js:1
,Firefox 22.0.0 (Windows 7) ERROR
	ReferenceError: define is not defined
	at D:/BizOS/AngularSample_bhoomi/app/scripts/appRoutes.js:1
,Firefox 22.0.0 (Windows 7) ERROR
	ReferenceError: define is not defined
	at D:/BizOS/AngularSample_bhoomi/app/scripts/controllers/salesController.js:3
,Firefox 22.0.0 (Windows 7) ERROR
	ReferenceError: define is not defined
	at D:/BizOS/AngularSample_bhoomi/app/scripts/controllers/salesListController.js:1
,Firefox 22.0.0 (Windows 7) ERROR
	ReferenceError: define is not defined
	at D:/BizOS/AngularSample_bhoomi/app/scripts/directives/appDirective.js:4
,Firefox 22.0.0 (Windows 7) ERROR
	Error: No module: AngularSampleBhoomiApp
	at D:/BizOS/AngularSample_bhoomi/app/bower_components/angular/angular.js:1124
,Firefox 22.0.0 (Windows 7) ERROR
	ReferenceError: define is not defined
	at D:/BizOS/AngularSample_bhoomi/app/scripts/services/dependencyResolverFor.js:1
,Firefox 22.0.0 (Windows 7) ERROR
	ReferenceError: define is not defined
	at D:/BizOS/AngularSample_bhoomi/app/scripts/services/salesService.js:1

]]></system-out>
    <system-err/>
  </testsuite>
  <testsuite name="Firefox 22.0.0 (Windows 7)" package="undefined" timestamp="2013-08-07T11:06:49" id="0" hostname="Bhoomi" tests="0" errors="1" failures="0" time="0">
    <properties>
      <property name="browser.fullName" value="Mozilla/5.0 (Windows NT 6.1; rv:22.0) Gecko/20100101 Firefox/22.0"/>
    </properties>
    <system-out><![CDATA[Firefox 22.0.0 (Windows 7) ERROR
	ReferenceError: require is not defined
	at D:/BizOS/AngularSample_bhoomi/app/scripts/appBootstrap.js:1
,Firefox 22.0.0 (Windows 7) ERROR
	ReferenceError: define is not defined
	at D:/BizOS/AngularSample_bhoomi/app/scripts/appModule.js:1
,Firefox 22.0.0 (Windows 7) ERROR
	ReferenceError: define is not defined
	at D:/BizOS/AngularSample_bhoomi/app/scripts/appRoutes.js:1
,Firefox 22.0.0 (Windows 7) ERROR
	ReferenceError: define is not defined
	at D:/BizOS/AngularSample_bhoomi/app/scripts/controllers/salesController.js:3
,Firefox 22.0.0 (Windows 7) ERROR
	ReferenceError: define is not defined
	at D:/BizOS/AngularSample_bhoomi/app/scripts/controllers/salesListController.js:1
,Firefox 22.0.0 (Windows 7) ERROR
	ReferenceError: define is not defined
	at D:/BizOS/AngularSample_bhoomi/app/scripts/directives/appDirective.js:4
,Firefox 22.0.0 (Windows 7) ERROR
	Error: No module: AngularSampleBhoomiApp
	at D:/BizOS/AngularSample_bhoomi/app/bower_components/angular/angular.js:1124
,Firefox 22.0.0 (Windows 7) ERROR
	ReferenceError: define is not defined
	at D:/BizOS/AngularSample_bhoomi/app/scripts/services/dependencyResolverFor.js:1
,Firefox 22.0.0 (Windows 7) ERROR
	ReferenceError: define is not defined
	at D:/BizOS/AngularSample_bhoomi/app/scripts/services/salesService.js:1

]]></system-out>
    <system-err/>
  </testsuite>
</testsuites>
